================================ 
Thu 07/30/2026  9:52:15.16 
On branch main
Your branch is up to date with 'origin/main'.

Changes to be committed:
  (use "git restore --staged <file>..." to unstage)
	modified:   PowerBase Atom/PowerBase Atom Stepper/BaseV5 Stepper - 1.stl
	modified:   PowerBase Atom/PowerBase Atom Stepper/BaseV5 Stepper - 2 Clear.stl

Untracked files:
  (use "git add <file>..." to include in what will be committed)
	GitUpload.log

warning: in the working copy of 'GitUpload.log', LF will be replaced by CRLF the next time Git touches it
Author identity unknown

*** Please tell me who you are.

Run

  git config --global user.email "you@example.com"
  git config --global user.name "Your Name"

to set your account's default identity.
Omit --global to set the identity only in this repository.

fatal: unable to auto-detect email address (got 'Dadamus@PatrieFAM.(none)')
fatal: User cancelled dialog.
bash: line 1: /dev/tty: No such device or address
error: failed to execute prompt script (exit code 1)
fatal: could not read Username for 'https://github.com': No such file or directory
Finished. 
================================ 
Thu 07/30/2026  9:57:15.93 
On branch main
Your branch is up to date with 'origin/main'.

Changes to be committed:
  (use "git restore --staged <file>..." to unstage)
	new file:   GitUpload.log
	modified:   PowerBase Atom/PowerBase Atom Stepper/BaseV5 Stepper - 1.stl
	modified:   PowerBase Atom/PowerBase Atom Stepper/BaseV5 Stepper - 2 Clear.stl

Changes not staged for commit:
  (use "git add <file>..." to update what will be committed)
  (use "git restore <file>..." to discard changes in working directory)
	modified:   GitUpload.log

